18:19:43 **** Incremental Build of configuration Debug for project hello_interrupts ****
make all 
Building file: ../src/06-APP/main.c
Invoking: Cross ARM GNU C Compiler
arm-none-eabi-gcc -mcpu=cortex-m4 -mthumb -mfloat-abi=soft -Og -fmessage-length=0 -fsigned-char -ffunction-sections -fdata-sections -ffreestanding -fno-move-loop-invariants -Wall -Wextra  -g3 -DDEBUG -DUSE_FULL_ASSERT -DTRACE -DOS_USE_TRACE_SEMIHOSTING_DEBUG -DSTM32F401xC -DUSE_HAL_DRIVER -DHSE_VALUE=25000000 -I"../include" -I"../system/include" -I"../system/include/cmsis" -I"../system/include/stm32f4-hal" -std=gnu11 -MMD -MP -MF"src/06-APP/main.d" -MT"src/06-APP/main.o" -c -o "src/06-APP/main.o" "../src/06-APP/main.c"
../src/06-APP/main.c: In function 'main':
../src/06-APP/main.c:25:2: warning: implicit declaration of function 'NVIC_voidSoftwarePriority'; did you mean 'NVIC_voidGroupSubPriority'? [-Wimplicit-function-declaration]
  NVIC_voidSoftwarePriority(7,0,0);
  ^~~~~~~~~~~~~~~~~~~~~~~~~
  NVIC_voidGroupSubPriority
Finished building: ../src/06-APP/main.c
 
Building target: hello_interrupts.elf
Invoking: Cross ARM GNU C++ Linker
arm-none-eabi-g++ -mcpu=cortex-m4 -mthumb -mfloat-abi=soft -Og -fmessage-length=0 -fsigned-char -ffunction-sections -fdata-sections -ffreestanding -fno-move-loop-invariants -Wall -Wextra  -g3 -T mem.ld -T libs.ld -T sections.ld -nostartfiles -Xlinker --gc-sections -L"../ldscripts" -Wl,-Map,"hello_interrupts.map" --specs=nano.specs -o "hello_interrupts.elf"  ./system/src/stm32f4-hal/stm32f4xx_hal.o ./system/src/stm32f4-hal/stm32f4xx_hal_cortex.o ./system/src/stm32f4-hal/stm32f4xx_hal_dfsdm.o ./system/src/stm32f4-hal/stm32f4xx_hal_flash.o ./system/src/stm32f4-hal/stm32f4xx_hal_gpio.o ./system/src/stm32f4-hal/stm32f4xx_hal_iwdg.o ./system/src/stm32f4-hal/stm32f4xx_hal_pwr.o ./system/src/stm32f4-hal/stm32f4xx_hal_rcc.o  ./system/src/newlib/_cxx.o ./system/src/newlib/_exit.o ./system/src/newlib/_sbrk.o ./system/src/newlib/_startup.o ./system/src/newlib/_syscalls.o ./system/src/newlib/assert.o  ./system/src/diag/Trace.o ./system/src/diag/trace_impl.o  ./system/src/cortexm/_initialize_hardware.o ./system/src/cortexm/_reset_hardware.o ./system/src/cortexm/exception_handlers.o  ./system/src/cmsis/system_stm32f4xx.o ./system/src/cmsis/vectors_stm32f401xc.o  ./src/06-APP/main.o  ./src/03-HAL/STP/STP_program.o  ./src/03-HAL/IR/IR_program.o  ./src/03-HAL/DotMatrix/DotMatrix.o  ./src/02-MCAL/05-EXTI/EXTI_program.o  ./src/02-MCAL/04-NVIC/NVIC_program.o  ./src/02-MCAL/03-SYSTICK/SYSTICK_program.o  ./src/02-MCAL/02-GPIO/GPIO_config.o ./src/02-MCAL/02-GPIO/GPIO_program.o  ./src/02-MCAL/01-RCC/RCC_program.o  ./src/stm32f4xx_hal_msp.o   
Finished building target: hello_interrupts.elf
 
Invoking: Cross ARM GNU Create Flash Image
arm-none-eabi-objcopy -O ihex "hello_interrupts.elf"  "hello_interrupts.hex"
Finished building: hello_interrupts.hex
 
Invoking: Cross ARM GNU Print Size
arm-none-eabi-size --format=berkeley "hello_interrupts.elf"
   text	   data	    bss	    dec	    hex	filename
   6309	    160	    596	   7065	   1b99	hello_interrupts.elf
Finished building: hello_interrupts.siz
 

18:19:44 Build Finished (took 799ms)

