00:35:57 **** Incremental Build of configuration Debug for project STMDRIVERS ****
make all 
Building file: ../src/02-MCAL/GPIO/GPIO_program.c
Invoking: Cross ARM GNU C Compiler
arm-none-eabi-gcc -mcpu=cortex-m4 -mthumb -mfloat-abi=soft -Og -fmessage-length=0 -fsigned-char -ffunction-sections -fdata-sections -ffreestanding -fno-move-loop-invariants -Wall -Wextra  -g3 -DDEBUG -DUSE_FULL_ASSERT -DTRACE -DOS_USE_TRACE_SEMIHOSTING_DEBUG -DSTM32F401xC -DUSE_HAL_DRIVER -DHSE_VALUE=25000000 -I"../include" -I"../system/include" -I"../system/include/cmsis" -I"../system/include/stm32f4-hal" -std=gnu11 -MMD -MP -MF"src/02-MCAL/GPIO/GPIO_program.d" -MT"src/02-MCAL/GPIO/GPIO_program.o" -c -o "src/02-MCAL/GPIO/GPIO_program.o" "../src/02-MCAL/GPIO/GPIO_program.c"
../src/02-MCAL/GPIO/GPIO_program.c: In function 'GPIO_voidSetPinOutputType':
../src/02-MCAL/GPIO/GPIO_program.c:38:8: warning: "/*" within comment [-Wcomment]
     /* /*it should be Clearbit here and Setbit in the else condition*/
         
Finished building: ../src/02-MCAL/GPIO/GPIO_program.c
 
Building target: STMDRIVERS.elf
Invoking: Cross ARM GNU C++ Linker
arm-none-eabi-g++ -mcpu=cortex-m4 -mthumb -mfloat-abi=soft -Og -fmessage-length=0 -fsigned-char -ffunction-sections -fdata-sections -ffreestanding -fno-move-loop-invariants -Wall -Wextra  -g3 -T mem.ld -T libs.ld -T sections.ld -nostartfiles -Xlinker --gc-sections -L"../ldscripts" -Wl,-Map,"STMDRIVERS.map" --specs=nano.specs -o "STMDRIVERS.elf"  ./system/src/stm32f4-hal/stm32f4xx_hal.o ./system/src/stm32f4-hal/stm32f4xx_hal_cortex.o ./system/src/stm32f4-hal/stm32f4xx_hal_dfsdm.o ./system/src/stm32f4-hal/stm32f4xx_hal_flash.o ./system/src/stm32f4-hal/stm32f4xx_hal_gpio.o ./system/src/stm32f4-hal/stm32f4xx_hal_iwdg.o ./system/src/stm32f4-hal/stm32f4xx_hal_pwr.o ./system/src/stm32f4-hal/stm32f4xx_hal_rcc.o  ./system/src/newlib/_cxx.o ./system/src/newlib/_exit.o ./system/src/newlib/_sbrk.o ./system/src/newlib/_startup.o ./system/src/newlib/_syscalls.o ./system/src/newlib/assert.o  ./system/src/diag/Trace.o ./system/src/diag/trace_impl.o  ./system/src/cortexm/_initialize_hardware.o ./system/src/cortexm/_reset_hardware.o ./system/src/cortexm/exception_handlers.o  ./system/src/cmsis/system_stm32f4xx.o ./system/src/cmsis/vectors_stm32f401xc.o  ./src/06-APP/main.o  ./src/04-SERVICES/01-DET/DET.o  ./src/02-MCAL/SYSTICK/SYSTICK_program.o  ./src/02-MCAL/RCC/RCC_program.o  ./src/02-MCAL/GPIO/GPIO_config.o ./src/02-MCAL/GPIO/GPIO_program.o  ./src/_initialize_hardware.o ./src/_write.o ./src/stm32f4xx_hal_msp.o   
Finished building target: STMDRIVERS.elf
 
Invoking: Cross ARM GNU Create Flash Image
arm-none-eabi-objcopy -O ihex "STMDRIVERS.elf"  "STMDRIVERS.hex"
Finished building: STMDRIVERS.hex
 
Invoking: Cross ARM GNU Print Size
arm-none-eabi-size --format=berkeley "STMDRIVERS.elf"
   text	   data	    bss	    dec	    hex	filename
   8171	    160	    416	   8747	   222b	STMDRIVERS.elf
Finished building: STMDRIVERS.siz
 

00:35:58 Build Finished (took 927ms)

