Archive member included to satisfy reference by file (symbol)

d:/courses and tutorials/imt es diploma/00-tools/03-imt sdk/03- imt sdk/imt_sdk_win_64/winarm/armgcc/bin/../lib/gcc/arm-none-eabi/7.2.1/thumb/v7e-m\libgcc.a(_arm_addsubdf3.o)
                              ./src/02-MCAL/03-SYSTICK/SYSTICK_program.o (__aeabi_ui2d)
d:/courses and tutorials/imt es diploma/00-tools/03-imt sdk/03- imt sdk/imt_sdk_win_64/winarm/armgcc/bin/../lib/gcc/arm-none-eabi/7.2.1/thumb/v7e-m\libgcc.a(_arm_muldivdf3.o)
                              ./src/02-MCAL/03-SYSTICK/SYSTICK_program.o (__aeabi_dmul)
d:/courses and tutorials/imt es diploma/00-tools/03-imt sdk/03- imt sdk/imt_sdk_win_64/winarm/armgcc/bin/../lib/gcc/arm-none-eabi/7.2.1/thumb/v7e-m\libgcc.a(_arm_fixunsdfsi.o)
                              ./src/02-MCAL/03-SYSTICK/SYSTICK_program.o (__aeabi_d2uiz)
d:/courses and tutorials/imt es diploma/00-tools/03-imt sdk/03- imt sdk/imt_sdk_win_64/winarm/armgcc/bin/../lib/gcc/arm-none-eabi/7.2.1/../../../../arm-none-eabi/lib/thumb/v7e-m\libg_nano.a(lib_a-errno.o)
                              ./system/src/newlib/_sbrk.o (__errno)
d:/courses and tutorials/imt es diploma/00-tools/03-imt sdk/03- imt sdk/imt_sdk_win_64/winarm/armgcc/bin/../lib/gcc/arm-none-eabi/7.2.1/../../../../arm-none-eabi/lib/thumb/v7e-m\libg_nano.a(lib_a-impure.o)
                              d:/courses and tutorials/imt es diploma/00-tools/03-imt sdk/03- imt sdk/imt_sdk_win_64/winarm/armgcc/bin/../lib/gcc/arm-none-eabi/7.2.1/../../../../arm-none-eabi/lib/thumb/v7e-m\libg_nano.a(lib_a-errno.o) (_impure_ptr)
d:/courses and tutorials/imt es diploma/00-tools/03-imt sdk/03- imt sdk/imt_sdk_win_64/winarm/armgcc/bin/../lib/gcc/arm-none-eabi/7.2.1/../../../../arm-none-eabi/lib/thumb/v7e-m\libg_nano.a(lib_a-memset.o)
                              ./src/06-APP/main.o (memset)
d:/courses and tutorials/imt es diploma/00-tools/03-imt sdk/03- imt sdk/imt_sdk_win_64/winarm/armgcc/bin/../lib/gcc/arm-none-eabi/7.2.1/../../../../arm-none-eabi/lib/thumb/v7e-m\libg_nano.a(lib_a-strlen.o)
                              ./system/src/diag/Trace.o (strlen)
d:/courses and tutorials/imt es diploma/00-tools/03-imt sdk/03- imt sdk/imt_sdk_win_64/winarm/armgcc/bin/../lib/gcc/arm-none-eabi/7.2.1/../../../../arm-none-eabi/lib/thumb/v7e-m\libg_nano.a(lib_a-vsnprintf.o)
                              ./system/src/diag/Trace.o (vsnprintf)
d:/courses and tutorials/imt es diploma/00-tools/03-imt sdk/03- imt sdk/imt_sdk_win_64/winarm/armgcc/bin/../lib/gcc/arm-none-eabi/7.2.1/../../../../arm-none-eabi/lib/thumb/v7e-m\libg_nano.a(lib_a-nano-svfprintf.o)
                              d:/courses and tutorials/imt es diploma/00-tools/03-imt sdk/03- imt sdk/imt_sdk_win_64/winarm/armgcc/bin/../lib/gcc/arm-none-eabi/7.2.1/../../../../arm-none-eabi/lib/thumb/v7e-m\libg_nano.a(lib_a-vsnprintf.o) (_svfprintf_r)
d:/courses and tutorials/imt es diploma/00-tools/03-imt sdk/03- imt sdk/imt_sdk_win_64/winarm/armgcc/bin/../lib/gcc/arm-none-eabi/7.2.1/../../../../arm-none-eabi/lib/thumb/v7e-m\libg_nano.a(lib_a-nano-vfprintf_i.o)
                              d:/courses and tutorials/imt es diploma/00-tools/03-imt sdk/03- imt sdk/imt_sdk_win_64/winarm/armgcc/bin/../lib/gcc/arm-none-eabi/7.2.1/../../../../arm-none-eabi/lib/thumb/v7e-m\libg_nano.a(lib_a-nano-svfprintf.o) (_printf_i)
d:/courses and tutorials/imt es diploma/00-tools/03-imt sdk/03- imt sdk/imt_sdk_win_64/winarm/armgcc/bin/../lib/gcc/arm-none-eabi/7.2.1/../../../../arm-none-eabi/lib/thumb/v7e-m\libg_nano.a(lib_a-memchr.o)
                              d:/courses and tutorials/imt es diploma/00-tools/03-imt sdk/03- imt sdk/imt_sdk_win_64/winarm/armgcc/bin/../lib/gcc/arm-none-eabi/7.2.1/../../../../arm-none-eabi/lib/thumb/v7e-m\libg_nano.a(lib_a-nano-svfprintf.o) (memchr)
d:/courses and tutorials/imt es diploma/00-tools/03-imt sdk/03- imt sdk/imt_sdk_win_64/winarm/armgcc/bin/../lib/gcc/arm-none-eabi/7.2.1/../../../../arm-none-eabi/lib/thumb/v7e-m\libg_nano.a(lib_a-memcpy-stub.o)
                              d:/courses and tutorials/imt es diploma/00-tools/03-imt sdk/03- imt sdk/imt_sdk_win_64/winarm/armgcc/bin/../lib/gcc/arm-none-eabi/7.2.1/../../../../arm-none-eabi/lib/thumb/v7e-m\libg_nano.a(lib_a-nano-svfprintf.o) (memcpy)
d:/courses and tutorials/imt es diploma/00-tools/03-imt sdk/03- imt sdk/imt_sdk_win_64/winarm/armgcc/bin/../lib/gcc/arm-none-eabi/7.2.1/../../../../arm-none-eabi/lib/thumb/v7e-m\libg_nano.a(lib_a-memmove.o)
                              d:/courses and tutorials/imt es diploma/00-tools/03-imt sdk/03- imt sdk/imt_sdk_win_64/winarm/armgcc/bin/../lib/gcc/arm-none-eabi/7.2.1/../../../../arm-none-eabi/lib/thumb/v7e-m\libg_nano.a(lib_a-nano-svfprintf.o) (memmove)
d:/courses and tutorials/imt es diploma/00-tools/03-imt sdk/03- imt sdk/imt_sdk_win_64/winarm/armgcc/bin/../lib/gcc/arm-none-eabi/7.2.1/../../../../arm-none-eabi/lib/thumb/v7e-m\libg_nano.a(lib_a-nano-freer.o)
[...]
Memory Configuration

Name             Origin             Length             Attributes
RAM              0x20000000         0x00010000         xrw
CCMRAM           0x10000000         0x00000000         xrw
FLASH            0x08000000         0x00040000         xr
FLASHB1          0x00000000         0x00000000         xr
EXTMEMB0         0x00000000         0x00000000         xr
EXTMEMB1         0x00000000         0x00000000         xr
EXTMEMB2         0x00000000         0x00000000         xr
EXTMEMB3         0x00000000         0x00000000         xr
*default*        0x00000000         0xffffffff

Linker script and memory map

LOAD ./system/src/stm32f4-hal/stm32f4xx_hal.o
LOAD ./system/src/stm32f4-hal/stm32f4xx_hal_cortex.o
LOAD ./system/src/stm32f4-hal/stm32f4xx_hal_dfsdm.o
LOAD ./system/src/stm32f4-hal/stm32f4xx_hal_flash.o
LOAD ./system/src/stm32f4-hal/stm32f4xx_hal_gpio.o
LOAD ./system/src/stm32f4-hal/stm32f4xx_hal_iwdg.o
LOAD ./system/src/stm32f4-hal/stm32f4xx_hal_pwr.o
LOAD ./system/src/stm32f4-hal/stm32f4xx_hal_rcc.o
LOAD ./system/src/newlib/_cxx.o
LOAD ./system/src/newlib/_exit.o
LOAD ./system/src/newlib/_sbrk.o
LOAD ./system/src/newlib/_startup.o
LOAD ./system/src/newlib/_syscalls.o
LOAD ./system/src/newlib/assert.o
LOAD ./system/src/diag/Trace.o
LOAD ./system/src/diag/trace_impl.o
LOAD ./system/src/cortexm/_initialize_hardware.o
LOAD ./system/src/cortexm/_reset_hardware.o
LOAD ./system/src/cortexm/exception_handlers.o
LOAD ./system/src/cmsis/system_stm32f4xx.o
LOAD ./system/src/cmsis/vectors_stm32f401xc.o
LOAD ./src/06-APP/main.o
LOAD ./src/03-HAL/TFT/TFT_program.o
LOAD ./src/03-HAL/STP/STP_program.o
LOAD ./src/03-HAL/DotMatrix/DotMatrix.o
LOAD ./src/02-MCAL/07-UART/UART_program.o
LOAD ./src/02-MCAL/06-SPI/SPI_program.o
LOAD ./src/02-MCAL/05-EXTI/EXTI_program.o
LOAD ./src/02-MCAL/04-NVIC/NVIC_program.o
LOAD ./src/02-MCAL/03-SYSTICK/SYSTICK_program.o
LOAD ./src/02-MCAL/02-GPIO/GPIO_config.o
LOAD ./src/02-MCAL/02-GPIO/GPIO_program.o
LOAD ./src/02-MCAL/01-RCC/RCC_program.o
LOAD ./src/stm32f4xx_hal_msp.o
LOAD d:/courses and tutorials/imt es diploma/00-tools/03-imt sdk/03- imt sdk/imt_sdk_win_64/winarm/armgcc/bin/../lib/gcc/arm-none-eabi/7.2.1/../../../../arm-none-eabi/lib/thumb/v7e-m\libstdc++_nano.a
LOAD d:/courses and tutorials/imt es diploma/00-tools/03-imt sdk/03- imt sdk/imt_sdk_win_64/winarm/armgcc/bin/../lib/gcc/arm-none-eabi/7.2.1/../../../../arm-none-eabi/lib/thumb/v7e-m\libm.a
START GROUP
LOAD d:/courses and tutorials/imt es diploma/00-tools/03-imt sdk/03- imt sdk/imt_sdk_win_64/winarm/armgcc/bin/../lib/gcc/arm-none-eabi/7.2.1/thumb/v7e-m\libgcc.a
LOAD d:/courses and tutorials/imt es diploma/00-tools/03-imt sdk/03- imt sdk/imt_sdk_win_64/winarm/armgcc/bin/../lib/gcc/arm-none-eabi/7.2.1/../../../../arm-none-eabi/lib/thumb/v7e-m\libg_nano.a
LOAD d:/courses and tutorials/imt es diploma/00-tools/03-imt sdk/03- imt sdk/imt_sdk_win_64/winarm/armgcc/bin/../lib/gcc/arm-none-eabi/7.2.1/../../../../arm-none-eabi/lib/thumb/v7e-m\libc_nano.a
END GROUP
START GROUP
LOAD d:/courses and tutorials/imt es diploma/00-tools/03-imt sdk/03- imt sdk/imt_sdk_win_64/winarm/armgcc/bin/../lib/gcc/arm-none-eabi/7.2.1/thumb/v7e-m\libgcc.a
LOAD d:/courses and tutorials/imt es diploma/00-tools/03-imt sdk/03- imt sdk/imt_sdk_win_64/winarm/armgcc/bin/../lib/gcc/arm-none-eabi/7.2.1/../../../../arm-none-eabi/lib/thumb/v7e-m\libc_nano.a
END GROUP
                0x20010000                __stack = (ORIGIN (RAM) + LENGTH (RAM))
                0x20010000                _estack = __stack
                0x00000400                __Main_Stack_Size = 0x400
                [!provide]                PROVIDE (_Main_Stack_Size, __Main_Stack_Size)
                0x2000fc00                __Main_Stack_Limit = (__stack - __Main_Stack_Size)
                [!provide]                PROVIDE (_Main_Stack_Limit, __Main_Stack_Limit)
                0x00000100                _Minimum_Stack_Size = 0x100
                0x20000114                PROVIDE (_Heap_Begin, _end_noinit)
                0x2000fc00                PROVIDE (_Heap_Limit, (__stack - __Main_Stack_Size))

.isr_vector     0x08000000      0x3f4
 FILL mask 0xff
                0x08000000                __vectors_start = ABSOLUTE (.)
                0x08000000                __vectors_start__ = ABSOLUTE (.)
 *(.isr_vector)
 .isr_vector    0x08000000      0x194 ./system/src/cmsis/vectors_stm32f401xc.o
                0x08000000                __isr_vectors
 *(.cfmconfig)
 *(.after_vectors .after_vectors.*)
 .after_vectors
                0x08000194      0x130 ./system/src/newlib/_startup.o
                0x08000194                _start
 .after_vectors
                0x080002c4      0x12c ./system/src/cortexm/exception_handlers.o
                0x080002c4                Reset_Handler
                0x080002ca                NMI_Handler
                0x080002ce                HardFault_Handler
                0x080002e2                HardFault_Handler_C
                0x08000340                MemManage_Handler
                0x08000344                BusFault_Handler
                0x08000358                BusFault_Handler_C
                0x0800038c                UsageFault_Handler
                0x080003a0                UsageFault_Handler_C
                0x080003d4                SVC_Handler
                0x080003d8                DebugMon_Handler
                0x080003dc                PendSV_Handler
                0x080003e0                SysTick_Handler
 .after_vectors
                0x080003f0        0x4 ./system/src/cmsis/vectors_stm32f401xc.o
                0x080003f0                RTC_Alarm_IRQHandler
                0x080003f0                EXTI2_IRQHandler
                0x080003f0                SPI4_IRQHandler
                0x080003f0                TIM1_CC_IRQHandler
                0x080003f0                DMA2_Stream5_IRQHandler
                0x080003f0                DMA1_Stream5_IRQHandler
                0x080003f0                PVD_IRQHandler
                0x080003f0                SDIO_IRQHandler
                0x080003f0                TAMP_STAMP_IRQHandler
                0x080003f0                EXTI3_IRQHandler
                0x080003f0                TIM1_UP_TIM10_IRQHandler
                0x080003f0                I2C3_ER_IRQHandler
                0x080003f0                EXTI0_IRQHandler
                0x080003f0                I2C2_EV_IRQHandler
                0x080003f0                DMA1_Stream2_IRQHandler
                0x080003f0                FPU_IRQHandler
                0x080003f0                DMA2_Stream2_IRQHandler
                0x080003f0                SPI1_IRQHandler
                0x080003f0                TIM1_BRK_TIM9_IRQHandler
                0x080003f0                DMA2_Stream3_IRQHandler
                0x080003f0                USART6_IRQHandler
                0x080003f0                DMA2_Stream0_IRQHandler
                0x080003f0                TIM4_IRQHandler
                0x080003f0                I2C1_EV_IRQHandler
                0x080003f0                DMA1_Stream6_IRQHandler
                0x080003f0                DMA1_Stream1_IRQHandler
                0x080003f0                TIM3_IRQHandler
                0x080003f0                RCC_IRQHandler
                0x080003f0                Default_Handler
                0x080003f0                EXTI15_10_IRQHandler
                0x080003f0                ADC_IRQHandler
                0x080003f0                DMA1_Stream7_IRQHandler
                0x080003f0                TIM5_IRQHandler
                0x080003f0                DMA2_Stream7_IRQHandler
                0x080003f0                I2C3_EV_IRQHandler
                0x080003f0                EXTI9_5_IRQHandler
                0x080003f0                RTC_WKUP_IRQHandler
                0x080003f0                SPI2_IRQHandler
                0x080003f0                DMA1_Stream0_IRQHandler
                0x080003f0                EXTI4_IRQHandler
                0x080003f0                WWDG_IRQHandler
                0x080003f0                TIM2_IRQHandler
                0x080003f0                OTG_FS_WKUP_IRQHandler
                0x080003f0                TIM1_TRG_COM_TIM11_IRQHandler
                0x080003f0                EXTI1_IRQHandler
                0x080003f0                USART2_IRQHandler
                0x080003f0                I2C2_ER_IRQHandler
                0x080003f0                DMA2_Stream1_IRQHandler
                0x080003f0                FLASH_IRQHandler
                0x080003f0                DMA2_Stream4_IRQHandler
                0x080003f0                USART1_IRQHandler
                0x080003f0                OTG_FS_IRQHandler
                0x080003f0                SPI3_IRQHandler
                0x080003f0                DMA1_Stream4_IRQHandler
                0x080003f0                I2C1_ER_IRQHandler
                0x080003f0                DMA2_Stream6_IRQHandler
                0x080003f0                DMA1_Stream3_IRQHandler

.inits          0x080003f4       0x28
                0x080003f4                __data_regions_array_start = .
                0x080003f4        0x4 LONG 0x8001a34 LOADADDR (.data)
                0x080003f8        0x4 LONG 0x20000000 ADDR (.data)
                0x080003fc        0x4 LONG 0x20000078 (ADDR (.data) + SIZEOF (.data))
                0x08000400        0x4 LONG 0x8001a34 LOADADDR (.data_CCMRAM)
                0x08000404        0x4 LONG 0x10000000 ADDR (.data_CCMRAM)
                0x08000408        0x4 LONG 0x10000000 (ADDR (.data_CCMRAM) + SIZEOF (.data_CCMRAM))
                0x0800040c                __data_regions_array_end = .
                0x0800040c                __bss_regions_array_start = .
                0x0800040c        0x4 LONG 0x20000078 ADDR (.bss)
                0x08000410        0x4 LONG 0x20000114 (ADDR (.bss) + SIZEOF (.bss))
                0x08000414        0x4 LONG 0x10000000 ADDR (.bss_CCMRAM)
                0x08000418        0x4 LONG 0x10000000 (ADDR (.bss_CCMRAM) + SIZEOF (.bss_CCMRAM))
                0x0800041c                __bss_regions_array_end = .
 *(.init)
 *(.fini)
                0x0800041c                . = ALIGN (0x4)
                0x0800041c                PROVIDE (__preinit_array_start, .)
 *(.preinit_array_sysinit .preinit_array_sysinit.*)
 *(.preinit_array_platform .preinit_array_platform.*)
 *(.preinit_array .preinit_array.*)
                0x0800041c                PROVIDE (__preinit_array_end, .)
                0x0800041c                . = ALIGN (0x4)
                0x0800041c                PROVIDE (__init_array_start, .)
 *(SORT_BY_NAME(.init_array.*))
 *(.init_array)
                0x0800041c                PROVIDE (__init_array_end, .)
                0x0800041c                . = ALIGN (0x4)
                0x0800041c                PROVIDE (__fini_array_start, .)
 *(SORT_BY_NAME(.fini_array.*))
 *(.fini_array)
                0x0800041c                PROVIDE (__fini_array_end, .)

.flashtext
 *(.flashtext .flashtext.*)

.text           0x08000420     0x1611
 *(.text .text.*)
 .text._exit    0x08000420        0x2 ./system/src/newlib/_exit.o
                0x08000420                _exit
 *fill*         0x08000422        0x2 
 .text._sbrk    0x08000424       0x44 ./system/src/newlib/_sbrk.o
                0x08000424                _sbrk
 .text.__initialize_args
                0x08000468       0x10 ./system/src/newlib/_syscalls.o
                0x08000468                __initialize_args
 .text.trace_printf
                0x08000478       0x30 ./system/src/diag/Trace.o
                0x08000478                trace_printf
 .text._trace_write_semihosting_debug
                0x080004a8       0x60 ./system/src/diag/trace_impl.o
 .text.trace_write
                0x08000508        0x8 ./system/src/diag/trace_impl.o
                0x08000508                trace_write
 .text.__initialize_hardware_early
                0x08000510       0x18 ./system/src/cortexm/_initialize_hardware.o
                0x08000510                __initialize_hardware_early
 .text.__initialize_hardware
                0x08000528        0x8 ./system/src/cortexm/_initialize_hardware.o
                0x08000528                __initialize_hardware
 .text.dumpExceptionStack
                0x08000530       0xf4 ./system/src/cortexm/exception_handlers.o
                0x08000530                dumpExceptionStack
 .text.isSemihosting
                0x08000624       0x20 ./system/src/cortexm/exception_handlers.o
                0x08000624                isSemihosting
 .text.SystemInit
                0x08000644       0x40 ./system/src/cmsis/system_stm32f4xx.o
                0x08000644                SystemInit
 .text.SystemCoreClockUpdate
                0x08000684       0xa0 ./system/src/cmsis/system_stm32f4xx.o
                0x08000684                SystemCoreClockUpdate
 .text.main     0x08000724       0x70 ./src/06-APP/main.o
                0x08000724                main
 .text.TFT_sendCommand
                0x08000794       0x16 ./src/03-HAL/TFT/TFT_program.o
                0x08000794                TFT_sendCommand
 .text.TFT_sendData
                0x080007aa       0x16 ./src/03-HAL/TFT/TFT_program.o
                0x080007aa                TFT_sendData
 .text.TFT_vidInit
                0x080007c0       0x70 ./src/03-HAL/TFT/TFT_program.o
                0x080007c0                TFT_vidInit
 .text.UART_vidInit
                0x08000830       0x34 ./src/02-MCAL/07-UART/UART_program.o
                0x08000830                UART_vidInit
 .text.UART_vidTransmitChar
                0x08000864       0x24 ./src/02-MCAL/07-UART/UART_program.o
                0x08000864                UART_vidTransmitChar
 .text.UART_vidTransmitString
                0x08000888       0x16 ./src/02-MCAL/07-UART/UART_program.o
                0x08000888                UART_vidTransmitString
 *fill*         0x0800089e        0x2 
 .text.SPI_vidInit
                0x080008a0       0x80 ./src/02-MCAL/06-SPI/SPI_program.o
                0x080008a0                SPI_vidInit
 .text.SPI_vidSendData
                0x08000920       0x14 ./src/02-MCAL/06-SPI/SPI_program.o
                0x08000920                SPI_vidSendData
 .text.SYSTICK_voidInitialize
                0x08000934       0x10 ./src/02-MCAL/03-SYSTICK/SYSTICK_program.o
                0x08000934                SYSTICK_voidInitialize
 .text.SYSTICK_voidsychronousDelay
                0x08000944       0x34 ./src/02-MCAL/03-SYSTICK/SYSTICK_program.o
                0x08000944                SYSTICK_voidsychronousDelay
 .text.GPIO_setPinMode
                0x08000978      0x324 ./src/02-MCAL/02-GPIO/GPIO_program.o
                0x08000978                GPIO_setPinMode
 .text.GPIO_voidSetPinValue
                0x08000c9c       0x6c ./src/02-MCAL/02-GPIO/GPIO_program.o
                0x08000c9c                GPIO_voidSetPinValue
 .text.RCC_voidInit
                0x08000d08       0x30 ./src/02-MCAL/01-RCC/RCC_program.o
                0x08000d08                RCC_voidInit
 .text.RCC_voidEnablePeripheralClock
                0x08000d38      0x1e8 ./src/02-MCAL/01-RCC/RCC_program.o
                0x08000d38                RCC_voidEnablePeripheralClock
 .text.__errno  0x08000f20        0xc d:/courses and tutorials/imt es diploma/00-tools/03-imt sdk/03- imt sdk/imt_sdk_win_64/winarm/armgcc/bin/../lib/gcc/arm-none-eabi/7.2.1/../../../../arm-none-eabi/lib/thumb/v7e-m\libg_nano.a(lib_a-errno.o)
                0x08000f20                __errno
 .text.memset   0x08000f2c       0x10 d:/courses and tutorials/imt es diploma/00-tools/03-imt sdk/03- imt sdk/imt_sdk_win_64/winarm/armgcc/bin/../lib/gcc/arm-none-eabi/7.2.1/../../../../arm-none-eabi/lib/thumb/v7e-m\libg_nano.a(lib_a-memset.o)
                0x08000f2c                memset
 .text._vsnprintf_r
                0x08000f3c       0x58 d:/courses and tutorials/imt es diploma/00-tools/03-imt sdk/03- imt sdk/imt_sdk_win_64/winarm/armgcc/bin/../lib/gcc/arm-none-eabi/7.2.1/../../../../arm-none-eabi/lib/thumb/v7e-m\libg_nano.a(lib_a-vsnprintf.o)
                0x08000f3c                _vsniprintf_r
                0x08000f3c                _vsnprintf_r
 .text.vsnprintf
                0x08000f94       0x1c d:/courses and tutorials/imt es diploma/00-tools/03-imt sdk/03- imt sdk/imt_sdk_win_64/winarm/armgcc/bin/../lib/gcc/arm-none-eabi/7.2.1/../../../../arm-none-eabi/lib/thumb/v7e-m\libg_nano.a(lib_a-vsnprintf.o)
                0x08000f94                vsniprintf
                0x08000f94                vsnprintf
 .text.__ssputs_r
                0x08000fb0       0xb4 d:/courses and tutorials/imt es diploma/00-tools/03-imt sdk/03- imt sdk/imt_sdk_win_64/winarm/armgcc/bin/../lib/gcc/arm-none-eabi/7.2.1/../../../../arm-none-eabi/lib/thumb/v7e-m\libg_nano.a(lib_a-nano-svfprintf.o)
                0x08000fb0                __ssputs_r
 .text._svfprintf_r
                0x08001064      0x1ec d:/courses and tutorials/imt es diploma/00-tools/03-imt sdk/03- imt sdk/imt_sdk_win_64/winarm/armgcc/bin/../lib/gcc/arm-none-eabi/7.2.1/../../../../arm-none-eabi/lib/thumb/v7e-m\libg_nano.a(lib_a-nano-svfprintf.o)
                0x08001064                _svfiprintf_r
                0x08001064                _svfprintf_r
 .text._printf_common
                0x08001250       0xea d:/courses and tutorials/imt es diploma/00-tools/03-imt sdk/03- imt sdk/imt_sdk_win_64/winarm/armgcc/bin/../lib/gcc/arm-none-eabi/7.2.1/../../../../arm-none-eabi/lib/thumb/v7e-m\libg_nano.a(lib_a-nano-vfprintf_i.o)
                0x08001250                _printf_common
 *fill*         0x0800133a        0x2 
 .text._printf_i
                0x0800133c      0x224 d:/courses and tutorials/imt es diploma/00-tools/03-imt sdk/03- imt sdk/imt_sdk_win_64/winarm/armgcc/bin/../lib/gcc/arm-none-eabi/7.2.1/../../../../arm-none-eabi/lib/thumb/v7e-m\libg_nano.a(lib_a-nano-vfprintf_i.o)
                0x0800133c                _printf_i
 .text          0x08001560       0xa0 d:/courses and tutorials/imt es diploma/00-tools/03-imt sdk/03- imt sdk/imt_sdk_win_64/winarm/armgcc/bin/../lib/gcc/arm-none-eabi/7.2.1/../../../../arm-none-eabi/lib/thumb/v7e-m\libg_nano.a(lib_a-memchr.o)
                0x08001560                memchr
 .text.memcpy   0x08001600       0x16 d:/courses and tutorials/imt es diploma/00-tools/03-imt sdk/03- imt sdk/imt_sdk_win_64/winarm/armgcc/bin/../lib/gcc/arm-none-eabi/7.2.1/../../../../arm-none-eabi/lib/thumb/v7e-m\libg_nano.a(lib_a-memcpy-stub.o)
                0x08001600                memcpy
 .text.memmove  0x08001616       0x32 d:/courses and tutorials/imt es diploma/00-tools/03-imt sdk/03- imt sdk/imt_sdk_win_64/winarm/armgcc/bin/../lib/gcc/arm-none-eabi/7.2.1/../../../../arm-none-eabi/lib/thumb/v7e-m\libg_nano.a(lib_a-memmove.o)
                0x08001616                memmove
 .text._free_r  0x08001648       0x9c d:/courses and tutorials/imt es diploma/00-tools/03-imt sdk/03- imt sdk/imt_sdk_win_64/winarm/armgcc/bin/../lib/gcc/arm-none-eabi/7.2.1/../../../../arm-none-eabi/lib/thumb/v7e-m\libg_nano.a(lib_a-nano-freer.o)
                0x08001648                _free_r
 .text._malloc_r
                0x080016e4       0xb4 d:/courses and tutorials/imt es diploma/00-tools/03-imt sdk/03- imt sdk/imt_sdk_win_64/winarm/armgcc/bin/../lib/gcc/arm-none-eabi/7.2.1/../../../../arm-none-eabi/lib/thumb/v7e-m\libg_nano.a(lib_a-nano-mallocr.o)
                0x080016e4                _malloc_r
 .text._realloc_r
                0x08001798       0x4c d:/courses and tutorials/imt es diploma/00-tools/03-imt sdk/03- imt sdk/imt_sdk_win_64/winarm/armgcc/bin/../lib/gcc/arm-none-eabi/7.2.1/../../../../arm-none-eabi/lib/thumb/v7e-m\libg_nano.a(lib_a-nano-reallocr.o)
                0x08001798                _realloc_r
 .text._sbrk_r  0x080017e4       0x20 d:/courses and tutorials/imt es diploma/00-tools/03-imt sdk/03- imt sdk/imt_sdk_win_64/winarm/armgcc/bin/../lib/gcc/arm-none-eabi/7.2.1/../../../../arm-none-eabi/lib/thumb/v7e-m\libg_nano.a(lib_a-sbrkr.o)
                0x080017e4                _sbrk_r
 .text.__malloc_lock
                0x08001804        0x2 d:/courses and tutorials/imt es diploma/00-tools/03-imt sdk/03- imt sdk/imt_sdk_win_64/winarm/armgcc/bin/../lib/gcc/arm-none-eabi/7.2.1/../../../../arm-none-eabi/lib/thumb/v7e-m\libg_nano.a(lib_a-mlock.o)
                0x08001804                __malloc_lock
 .text.__malloc_unlock
                0x08001806        0x2 d:/courses and tutorials/imt es diploma/00-tools/03-imt sdk/03- imt sdk/imt_sdk_win_64/winarm/armgcc/bin/../lib/gcc/arm-none-eabi/7.2.1/../../../../arm-none-eabi/lib/thumb/v7e-m\libg_nano.a(lib_a-mlock.o)
                0x08001806                __malloc_unlock
 .text._malloc_usable_size_r
                0x08001808       0x10 d:/courses and tutorials/imt es diploma/00-tools/03-imt sdk/03- imt sdk/imt_sdk_win_64/winarm/armgcc/bin/../lib/gcc/arm-none-eabi/7.2.1/../../../../arm-none-eabi/lib/thumb/v7e-m\libg_nano.a(lib_a-nano-msizer.o)
                0x08001808                _malloc_usable_size_r
 *(.rodata .rodata.* .constdata .constdata.*)
 .rodata.dumpExceptionStack.str1.4
                0x08001818      0x11a ./system/src/cortexm/exception_handlers.o
 *fill*         0x08001932        0x2 
 .rodata.str1.4
                0x08001934       0x2c ./system/src/cortexm/exception_handlers.o
                                 0x2a (size before relaxing)
 .rodata.AHBPrescTable
                0x08001960       0x10 ./system/src/cmsis/system_stm32f4xx.o
                0x08001960                AHBPrescTable
 .rodata        0x08001970       0x64 ./src/06-APP/main.o
 .rodata.ARRAY_OF_PINS
                0x080019d4       0x2a ./src/02-MCAL/02-GPIO/GPIO_program.o
 .rodata._svfprintf_r.str1.1
                0x080019fe       0x11 d:/courses and tutorials/imt es diploma/00-tools/03-imt sdk/03- imt sdk/imt_sdk_win_64/winarm/armgcc/bin/../lib/gcc/arm-none-eabi/7.2.1/../../../../arm-none-eabi/lib/thumb/v7e-m\libg_nano.a(lib_a-nano-svfprintf.o)
 .rodata._printf_i.str1.1
                0x08001a0f       0x22 d:/courses and tutorials/imt es diploma/00-tools/03-imt sdk/03- imt sdk/imt_sdk_win_64/winarm/armgcc/bin/../lib/gcc/arm-none-eabi/7.2.1/../../../../arm-none-eabi/lib/thumb/v7e-m\libg_nano.a(lib_a-nano-vfprintf_i.o)
 *(vtable)
 *(.eh_frame*)
 *(.glue_7)
 .glue_7        0x08001a31        0x0 linker stubs
 *(.glue_7t)
 .glue_7t       0x08001a31        0x0 linker stubs

.vfp11_veneer   0x08001a34        0x0
 .vfp11_veneer  0x08001a34        0x0 linker stubs

.v4_bx          0x08001a34        0x0
 .v4_bx         0x08001a34        0x0 linker stubs

.iplt           0x08001a34        0x0
 .iplt          0x08001a34        0x0 ./system/src/newlib/_exit.o

.rel.dyn        0x08001a34        0x0
 .rel.iplt      0x08001a34        0x0 ./system/src/newlib/_exit.o

.ARM.extab
 *(.ARM.extab* .gnu.linkonce.armextab.*)
                0x08001a34                . = ALIGN (0x4)
                0x08001a34                __exidx_start = .

.ARM.exidx
 *(.ARM.exidx* .gnu.linkonce.armexidx.*)
                0x08001a34                __exidx_end = .
                0x08001a34                . = ALIGN (0x4)
                0x08001a34                _etext = .
                0x08001a34                __etext = .

.data_CCMRAM    0x10000000        0x0 load address 0x08001a34
 FILL mask 0xff
 *(.data.CCMRAM .data.CCMRAM.*)
                0x10000000                . = ALIGN (0x4)
                0x08001a34                _sidata = LOADADDR (.data)

.data           0x20000000       0x78 load address 0x08001a34
 FILL mask 0xff
                0x20000000                _sdata = .
                0x20000000                __data_start__ = .
 *(.data_begin .data_begin.*)
 .data_begin    0x20000000        0x4 ./system/src/newlib/_startup.o
 *(.data .data.*)
 .data.argv.4310
                0x20000004        0x8 ./system/src/newlib/_syscalls.o
 .data.SystemCoreClock
                0x2000000c        0x4 ./system/src/cmsis/system_stm32f4xx.o
                0x2000000c                SystemCoreClock
 .data._impure_ptr
                0x20000010        0x4 d:/courses and tutorials/imt es diploma/00-tools/03-imt sdk/03- imt sdk/imt_sdk_win_64/winarm/armgcc/bin/../lib/gcc/arm-none-eabi/7.2.1/../../../../arm-none-eabi/lib/thumb/v7e-m\libg_nano.a(lib_a-impure.o)
                0x20000010                _impure_ptr
 .data.impure_data
                0x20000014       0x60 d:/courses and tutorials/imt es diploma/00-tools/03-imt sdk/03- imt sdk/imt_sdk_win_64/winarm/armgcc/bin/../lib/gcc/arm-none-eabi/7.2.1/../../../../arm-none-eabi/lib/thumb/v7e-m\libg_nano.a(lib_a-impure.o)
 *(.data_end .data_end.*)
 .data_end      0x20000074        0x4 ./system/src/newlib/_startup.o
                0x20000078                . = ALIGN (0x4)
                0x20000078                _edata = .
                0x20000078                __data_end__ = .

.igot.plt       0x20000078        0x0 load address 0x08001aac
 .igot.plt      0x20000078        0x0 ./system/src/newlib/_exit.o

.bss_CCMRAM     0x10000000        0x0
 *(.bss.CCMRAM .bss.CCMRAM.*)

.bss            0x20000078       0x9c
                0x20000078                __bss_start__ = .
                0x20000078                _sbss = .
 *(.bss_begin .bss_begin.*)
 .bss_begin     0x20000078        0x4 ./system/src/newlib/_startup.o
 *(.bss .bss.*)
 .bss.current_heap_end.3961
                0x2000007c        0x4 ./system/src/newlib/_sbrk.o
 .bss.name.4309
                0x20000080        0x1 ./system/src/newlib/_syscalls.o
 *fill*         0x20000081        0x3 
 .bss.buf.5205  0x20000084       0x80 ./system/src/diag/Trace.o
 .bss.__malloc_free_list
                0x20000104        0x4 d:/courses and tutorials/imt es diploma/00-tools/03-imt sdk/03- imt sdk/imt_sdk_win_64/winarm/armgcc/bin/../lib/gcc/arm-none-eabi/7.2.1/../../../../arm-none-eabi/lib/thumb/v7e-m\libg_nano.a(lib_a-nano-mallocr.o)
                0x20000104                __malloc_free_list
 .bss.__malloc_sbrk_start
                0x20000108        0x4 d:/courses and tutorials/imt es diploma/00-tools/03-imt sdk/03- imt sdk/imt_sdk_win_64/winarm/armgcc/bin/../lib/gcc/arm-none-eabi/7.2.1/../../../../arm-none-eabi/lib/thumb/v7e-m\libg_nano.a(lib_a-nano-mallocr.o)
                0x20000108                __malloc_sbrk_start
 *(COMMON)
 COMMON         0x2000010c        0x4 ./system/src/newlib/_syscalls.o
                0x2000010c                errno
 *(.bss_end .bss_end.*)
 .bss_end       0x20000110        0x4 ./system/src/newlib/_startup.o
                0x20000114                . = ALIGN (0x4)
                0x20000114                __bss_end__ = .
                0x20000114                _ebss = .

.noinit_CCMRAM
 *(.noinit.CCMRAM .noinit.CCMRAM.*)

.noinit         0x20000114        0x0
                0x20000114                _noinit = .
 *(.noinit .noinit.*)
                0x20000114                . = ALIGN (0x4)
                0x20000114                _end_noinit = .
                [!provide]                PROVIDE (end, _end_noinit)
                [!provide]                PROVIDE (_end, _end_noinit)
                [!provide]                PROVIDE (__end, _end_noinit)
                [!provide]                PROVIDE (__end__, _end_noinit)

._check_stack   0x20000114      0x100
                0x20000214                . = (. + _Minimum_Stack_Size)
 *fill*         0x20000114      0x100 

.b1text
 *(.b1text)
 *(.b1rodata)
 *(.b1rodata.*)

.eb0text
 *(.eb0text)
 *(.eb0rodata)
 *(.eb0rodata.*)

.eb1text
 *(.eb1text)
 *(.eb1rodata)
 *(.eb1rodata.*)

.eb2text
 *(.eb2text)
 *(.eb2rodata)
 *(.eb2rodata.*)

.eb3text
 *(.eb3text)
 *(.eb3rodata)
 *(.eb3rodata.*)

.stab
 *(.stab)

.stabstr
 *(.stabstr)

.stab.excl
 *(.stab.excl)

.stab.exclstr
 *(.stab.exclstr)

.stab.index
 *(.stab.index)

.stab.indexstr
 *(.stab.indexstr)

.comment        0x00000000       0x7e
 *(.comment)
 .comment       0x00000000       0x7e ./system/src/newlib/_exit.o
                                 0x7f (size before relaxing)
 .comment       0x0000007e       0x7f ./system/src/newlib/_sbrk.o
 .comment       0x0000007e       0x7f ./system/src/newlib/_startup.o
 .comment       0x0000007e       0x7f ./system/src/newlib/_syscalls.o
 .comment       0x0000007e       0x7f ./system/src/diag/Trace.o
 .comment       0x0000007e       0x7f ./system/src/diag/trace_impl.o
 .comment       0x0000007e       0x7f ./system/src/cortexm/_initialize_hardware.o
 .comment       0x0000007e       0x7f ./system/src/cortexm/exception_handlers.o
 .comment       0x0000007e       0x7f ./system/src/cmsis/system_stm32f4xx.o
 .comment       0x0000007e       0x7f ./system/src/cmsis/vectors_stm32f401xc.o
 .comment       0x0000007e       0x7f ./src/06-APP/main.o
 .comment       0x0000007e       0x7f ./src/03-HAL/TFT/TFT_program.o
 .comment       0x0000007e       0x7f ./src/02-MCAL/07-UART/UART_program.o
 .comment       0x0000007e       0x7f ./src/02-MCAL/06-SPI/SPI_program.o
 .comment       0x0000007e       0x7f ./src/02-MCAL/03-SYSTICK/SYSTICK_program.o
 .comment       0x0000007e       0x7f ./src/02-MCAL/02-GPIO/GPIO_program.o
 .comment       0x0000007e       0x7f ./src/02-MCAL/01-RCC/RCC_program.o

.ARM.attributes
                0x00000000       0x31
 .ARM.attributes
                0x00000000       0x33 ./system/src/newlib/_exit.o
 .ARM.attributes
                0x00000033       0x33 ./system/src/newlib/_sbrk.o
 .ARM.attributes
                0x00000066       0x33 ./system/src/newlib/_startup.o
 .ARM.attributes
                0x00000099       0x33 ./system/src/newlib/_syscalls.o
 .ARM.attributes
                0x000000cc       0x33 ./system/src/diag/Trace.o
 .ARM.attributes
                0x000000ff       0x33 ./system/src/diag/trace_impl.o
 .ARM.attributes
                0x00000132       0x33 ./system/src/cortexm/_initialize_hardware.o
 .ARM.attributes
                0x00000165       0x33 ./system/src/cortexm/exception_handlers.o
 .ARM.attributes
                0x00000198       0x33 ./system/src/cmsis/system_stm32f4xx.o
 .ARM.attributes
                0x000001cb       0x33 ./system/src/cmsis/vectors_stm32f401xc.o
 .ARM.attributes
                0x000001fe       0x33 ./src/06-APP/main.o
 .ARM.attributes
                0x00000231       0x33 ./src/03-HAL/TFT/TFT_program.o
 .ARM.attributes
                0x00000264       0x33 ./src/02-MCAL/07-UART/UART_program.o
 .ARM.attributes
                0x00000297       0x33 ./src/02-MCAL/06-SPI/SPI_program.o
 .ARM.attributes
                0x000002ca       0x33 ./src/02-MCAL/03-SYSTICK/SYSTICK_program.o
 .ARM.attributes
                0x000002fd       0x33 ./src/02-MCAL/02-GPIO/GPIO_program.o
 .ARM.attributes
                0x00000330       0x33 ./src/02-MCAL/01-RCC/RCC_program.o
 .ARM.attributes
                0x00000363       0x2e d:/courses and tutorials/imt es diploma/00-tools/03-imt sdk/03- imt sdk/imt_sdk_win_64/winarm/armgcc/bin/../lib/gcc/arm-none-eabi/7.2.1/../../../../arm-none-eabi/lib/thumb/v7e-m\libg_nano.a(lib_a-errno.o)
 .ARM.attributes
                0x00000391       0x2e d:/courses and tutorials/imt es diploma/00-tools/03-imt sdk/03- imt sdk/imt_sdk_win_64/winarm/armgcc/bin/../lib/gcc/arm-none-eabi/7.2.1/../../../../arm-none-eabi/lib/thumb/v7e-m\libg_nano.a(lib_a-impure.o)
 .ARM.attributes
                0x000003bf       0x2e d:/courses and tutorials/imt es diploma/00-tools/03-imt sdk/03- imt sdk/imt_sdk_win_64/winarm/armgcc/bin/../lib/gcc/arm-none-eabi/7.2.1/../../../../arm-none-eabi/lib/thumb/v7e-m\libg_nano.a(lib_a-memset.o)
 .ARM.attributes
                0x000003ed       0x2e d:/courses and tutorials/imt es diploma/00-tools/03-imt sdk/03- imt sdk/imt_sdk_win_64/winarm/armgcc/bin/../lib/gcc/arm-none-eabi/7.2.1/../../../../arm-none-eabi/lib/thumb/v7e-m\libg_nano.a(lib_a-vsnprintf.o)
 .ARM.attributes
                0x0000041b       0x2e d:/courses and tutorials/imt es diploma/00-tools/03-imt sdk/03- imt sdk/imt_sdk_win_64/winarm/armgcc/bin/../lib/gcc/arm-none-eabi/7.2.1/../../../../arm-none-eabi/lib/thumb/v7e-m\libg_nano.a(lib_a-nano-svfprintf.o)
 .ARM.attributes
                0x00000449       0x2e d:/courses and tutorials/imt es diploma/00-tools/03-imt sdk/03- imt sdk/imt_sdk_win_64/winarm/armgcc/bin/../lib/gcc/arm-none-eabi/7.2.1/../../../../arm-none-eabi/lib/thumb/v7e-m\libg_nano.a(lib_a-nano-vfprintf_i.o)
 .ARM.attributes
                0x00000477       0x1c d:/courses and tutorials/imt es diploma/00-tools/03-imt sdk/03- imt sdk/imt_sdk_win_64/winarm/armgcc/bin/../lib/gcc/arm-none-eabi/7.2.1/../../../../arm-none-eabi/lib/thumb/v7e-m\libg_nano.a(lib_a-memchr.o)
 .ARM.attributes
                0x00000493       0x2e d:/courses and tutorials/imt es diploma/00-tools/03-imt sdk/03- imt sdk/imt_sdk_win_64/winarm/armgcc/bin/../lib/gcc/arm-none-eabi/7.2.1/../../../../arm-none-eabi/lib/thumb/v7e-m\libg_nano.a(lib_a-memcpy-stub.o)
 .ARM.attributes
                0x000004c1       0x2e d:/courses and tutorials/imt es diploma/00-tools/03-imt sdk/03- imt sdk/imt_sdk_win_64/winarm/armgcc/bin/../lib/gcc/arm-none-eabi/7.2.1/../../../../arm-none-eabi/lib/thumb/v7e-m\libg_nano.a(lib_a-memmove.o)
 .ARM.attributes
                0x000004ef       0x2e d:/courses and tutorials/imt es diploma/00-tools/03-imt sdk/03- imt sdk/imt_sdk_win_64/winarm/armgcc/bin/../lib/gcc/arm-none-eabi/7.2.1/../../../../arm-none-eabi/lib/thumb/v7e-m\libg_nano.a(lib_a-nano-freer.o)
 .ARM.attributes
                0x0000051d       0x2e d:/courses and tutorials/imt es diploma/00-tools/03-imt sdk/03- imt sdk/imt_sdk_win_64/winarm/armgcc/bin/../lib/gcc/arm-none-eabi/7.2.1/../../../../arm-none-eabi/lib/thumb/v7e-m\libg_nano.a(lib_a-nano-mallocr.o)
 .ARM.attributes
                0x0000054b       0x2e d:/courses and tutorials/imt es diploma/00-tools/03-imt sdk/03- imt sdk/imt_sdk_win_64/winarm/armgcc/bin/../lib/gcc/arm-none-eabi/7.2.1/../../../../arm-none-eabi/lib/thumb/v7e-m\libg_nano.a(lib_a-nano-reallocr.o)
 .ARM.attributes
                0x00000579       0x2e d:/courses and tutorials/imt es diploma/00-tools/03-imt sdk/03- imt sdk/imt_sdk_win_64/winarm/armgcc/bin/../lib/gcc/arm-none-eabi/7.2.1/../../../../arm-none-eabi/lib/thumb/v7e-m\libg_nano.a(lib_a-sbrkr.o)
 .ARM.attributes
                0x000005a7       0x2e d:/courses and tutorials/imt es diploma/00-tools/03-imt sdk/03- imt sdk/imt_sdk_win_64/winarm/armgcc/bin/../lib/gcc/arm-none-eabi/7.2.1/../../../../arm-none-eabi/lib/thumb/v7e-m\libg_nano.a(lib_a-mlock.o)
 .ARM.attributes
                0x000005d5       0x2e d:/courses and tutorials/imt es diploma/00-tools/03-imt sdk/03- imt sdk/imt_sdk_win_64/winarm/armgcc/bin/../lib/gcc/arm-none-eabi/7.2.1/../../../../arm-none-eabi/lib/thumb/v7e-m\libg_nano.a(lib_a-nano-msizer.o)

.debug
 *(.debug)

.line
 *(.line)

.debug_srcinfo
 *(.debug_srcinfo)

.debug_sfnames
 *(.debug_sfnames)

.debug_aranges  0x00000000      0x398
 *(.debug_aranges)
 .debug_aranges
                0x00000000       0x28 ./system/src/newlib/_exit.o
 .debug_aranges
                0x00000028       0x20 ./system/src/newlib/_sbrk.o
 .debug_aranges
                0x00000048       0x40 ./system/src/newlib/_startup.o
 .debug_aranges
                0x00000088       0x30 ./system/src/newlib/_syscalls.o
 .debug_aranges
                0x000000b8       0x38 ./system/src/diag/Trace.o
 .debug_aranges
                0x000000f0       0x30 ./system/src/diag/trace_impl.o
 .debug_aranges
                0x00000120       0x28 ./system/src/cortexm/_initialize_hardware.o
 .debug_aranges
                0x00000148       0x90 ./system/src/cortexm/exception_handlers.o
 .debug_aranges
                0x000001d8       0x28 ./system/src/cmsis/system_stm32f4xx.o
 .debug_aranges
                0x00000200       0x20 ./system/src/cmsis/vectors_stm32f401xc.o
 .debug_aranges
                0x00000220       0x20 ./src/06-APP/main.o
 .debug_aranges
                0x00000240       0x30 ./src/03-HAL/TFT/TFT_program.o
 .debug_aranges
                0x00000270       0x38 ./src/02-MCAL/07-UART/UART_program.o
 .debug_aranges
                0x000002a8       0x30 ./src/02-MCAL/06-SPI/SPI_program.o
 .debug_aranges
                0x000002d8       0x58 ./src/02-MCAL/03-SYSTICK/SYSTICK_program.o
 .debug_aranges
                0x00000330       0x38 ./src/02-MCAL/02-GPIO/GPIO_program.o
 .debug_aranges
                0x00000368       0x30 ./src/02-MCAL/01-RCC/RCC_program.o

.debug_pubnames
 *(.debug_pubnames)

.debug_info     0x00000000     0x7b21
 *(.debug_info .gnu.linkonce.wi.*)
 .debug_info    0x00000000      0x956 ./system/src/newlib/_exit.o
 .debug_info    0x00000956      0x942 ./system/src/newlib/_sbrk.o
 .debug_info    0x00001298      0x4bf ./system/src/newlib/_startup.o
 .debug_info    0x00001757      0xa19 ./system/src/newlib/_syscalls.o
 .debug_info    0x00002170      0xb2a ./system/src/diag/Trace.o
 .debug_info    0x00002c9a      0xb6b ./system/src/diag/trace_impl.o
 .debug_info    0x00003805      0xade ./system/src/cortexm/_initialize_hardware.o
 .debug_info    0x000042e3     0x115a ./system/src/cortexm/exception_handlers.o
 .debug_info    0x0000543d      0xcfe ./system/src/cmsis/system_stm32f4xx.o
 .debug_info    0x0000613b       0xca ./system/src/cmsis/vectors_stm32f401xc.o
 .debug_info    0x00006205      0x321 ./src/06-APP/main.o
 .debug_info    0x00006526      0x359 ./src/03-HAL/TFT/TFT_program.o
 .debug_info    0x0000687f      0x589 ./src/02-MCAL/07-UART/UART_program.o
 .debug_info    0x00006e08      0x43d ./src/02-MCAL/06-SPI/SPI_program.o
 .debug_info    0x00007245      0x2d1 ./src/02-MCAL/03-SYSTICK/SYSTICK_program.o
 .debug_info    0x00007516      0x468 ./src/02-MCAL/02-GPIO/GPIO_program.o
 .debug_info    0x0000797e      0x1a3 ./src/02-MCAL/01-RCC/RCC_program.o

.debug_abbrev   0x00000000     0x1cac
 *(.debug_abbrev)
 .debug_abbrev  0x00000000      0x1f3 ./system/src/newlib/_exit.o
 .debug_abbrev  0x000001f3      0x1fc ./system/src/newlib/_sbrk.o
 .debug_abbrev  0x000003ef      0x1cb ./system/src/newlib/_startup.o
 .debug_abbrev  0x000005ba      0x234 ./system/src/newlib/_syscalls.o
 .debug_abbrev  0x000007ee      0x276 ./system/src/diag/Trace.o
 .debug_abbrev  0x00000a64      0x2ef ./system/src/diag/trace_impl.o
 .debug_abbrev  0x00000d53      0x1de ./system/src/cortexm/_initialize_hardware.o
 .debug_abbrev  0x00000f31      0x32b ./system/src/cortexm/exception_handlers.o
 .debug_abbrev  0x0000125c      0x216 ./system/src/cmsis/system_stm32f4xx.o
 .debug_abbrev  0x00001472       0x9d ./system/src/cmsis/vectors_stm32f401xc.o
 .debug_abbrev  0x0000150f      0x11d ./src/06-APP/main.o
 .debug_abbrev  0x0000162c       0xca ./src/03-HAL/TFT/TFT_program.o
 .debug_abbrev  0x000016f6      0x163 ./src/02-MCAL/07-UART/UART_program.o
 .debug_abbrev  0x00001859      0x12e ./src/02-MCAL/06-SPI/SPI_program.o
 .debug_abbrev  0x00001987      0x169 ./src/02-MCAL/03-SYSTICK/SYSTICK_program.o
 .debug_abbrev  0x00001af0      0x127 ./src/02-MCAL/02-GPIO/GPIO_program.o
 .debug_abbrev  0x00001c17       0x95 ./src/02-MCAL/01-RCC/RCC_program.o

.debug_line     0x00000000     0x5511
 *(.debug_line)
 .debug_line    0x00000000      0x40b ./system/src/newlib/_exit.o
 .debug_line    0x0000040b      0x3bf ./system/src/newlib/_sbrk.o
 .debug_line    0x000007ca      0x487 ./system/src/newlib/_startup.o
 .debug_line    0x00000c51      0x504 ./system/src/newlib/_syscalls.o
 .debug_line    0x00001155      0x487 ./system/src/diag/Trace.o
 .debug_line    0x000015dc      0xb7b ./system/src/diag/trace_impl.o
 .debug_line    0x00002157      0xae4 ./system/src/cortexm/_initialize_hardware.o
 .debug_line    0x00002c3b      0xc32 ./system/src/cortexm/exception_handlers.o
 .debug_line    0x0000386d      0xaea ./system/src/cmsis/system_stm32f4xx.o
 .debug_line    0x00004357      0x131 ./system/src/cmsis/vectors_stm32f401xc.o
 .debug_line    0x00004488      0x3cb ./src/06-APP/main.o
 .debug_line    0x00004853      0x23f ./src/03-HAL/TFT/TFT_program.o
 .debug_line    0x00004a92      0x288 ./src/02-MCAL/07-UART/UART_program.o
 .debug_line    0x00004d1a      0x271 ./src/02-MCAL/06-SPI/SPI_program.o
 .debug_line    0x00004f8b      0x1db ./src/02-MCAL/03-SYSTICK/SYSTICK_program.o
 .debug_line    0x00005166      0x1f2 ./src/02-MCAL/02-GPIO/GPIO_program.o
 .debug_line    0x00005358      0x1b9 ./src/02-MCAL/01-RCC/RCC_program.o

.debug_frame    0x00000000      0x958
 *(.debug_frame)
 .debug_frame   0x00000000       0x38 ./system/src/newlib/_exit.o
 .debug_frame   0x00000038       0x28 ./system/src/newlib/_sbrk.o
 .debug_frame   0x00000060       0x7c ./system/src/newlib/_startup.o
 .debug_frame   0x000000dc       0x50 ./system/src/newlib/_syscalls.o
 .debug_frame   0x0000012c       0x94 ./system/src/diag/Trace.o
 .debug_frame   0x000001c0       0x64 ./system/src/diag/trace_impl.o
 .debug_frame   0x00000224       0x40 ./system/src/cortexm/_initialize_hardware.o
 .debug_frame   0x00000264      0x158 ./system/src/cortexm/exception_handlers.o
 .debug_frame   0x000003bc       0x30 ./system/src/cmsis/system_stm32f4xx.o
 .debug_frame   0x000003ec       0x20 ./system/src/cmsis/vectors_stm32f401xc.o
 .debug_frame   0x0000040c       0x28 ./src/06-APP/main.o
 .debug_frame   0x00000434       0x58 ./src/03-HAL/TFT/TFT_program.o
 .debug_frame   0x0000048c       0x5c ./src/02-MCAL/07-UART/UART_program.o
 .debug_frame   0x000004e8       0x48 ./src/02-MCAL/06-SPI/SPI_program.o
 .debug_frame   0x00000530       0xa0 ./src/02-MCAL/03-SYSTICK/SYSTICK_program.o
 .debug_frame   0x000005d0       0x60 ./src/02-MCAL/02-GPIO/GPIO_program.o
 .debug_frame   0x00000630       0x40 ./src/02-MCAL/01-RCC/RCC_program.o
 .debug_frame   0x00000670       0x20 d:/courses and tutorials/imt es diploma/00-tools/03-imt sdk/03- imt sdk/imt_sdk_win_64/winarm/armgcc/bin/../lib/gcc/arm-none-eabi/7.2.1/../../../../arm-none-eabi/lib/thumb/v7e-m\libg_nano.a(lib_a-errno.o)
 .debug_frame   0x00000690       0x20 d:/courses and tutorials/imt es diploma/00-tools/03-imt sdk/03- imt sdk/imt_sdk_win_64/winarm/armgcc/bin/../lib/gcc/arm-none-eabi/7.2.1/../../../../arm-none-eabi/lib/thumb/v7e-m\libg_nano.a(lib_a-memset.o)
 .debug_frame   0x000006b0       0x4c d:/courses and tutorials/imt es diploma/00-tools/03-imt sdk/03- imt sdk/imt_sdk_win_64/winarm/armgcc/bin/../lib/gcc/arm-none-eabi/7.2.1/../../../../arm-none-eabi/lib/thumb/v7e-m\libg_nano.a(lib_a-vsnprintf.o)
 .debug_frame   0x000006fc       0x90 d:/courses and tutorials/imt es diploma/00-tools/03-imt sdk/03- imt sdk/imt_sdk_win_64/winarm/armgcc/bin/../lib/gcc/arm-none-eabi/7.2.1/../../../../arm-none-eabi/lib/thumb/v7e-m\libg_nano.a(lib_a-nano-svfprintf.o)
 .debug_frame   0x0000078c       0x60 d:/courses and tutorials/imt es diploma/00-tools/03-imt sdk/03- imt sdk/imt_sdk_win_64/winarm/armgcc/bin/../lib/gcc/arm-none-eabi/7.2.1/../../../../arm-none-eabi/lib/thumb/v7e-m\libg_nano.a(lib_a-nano-vfprintf_i.o)
 .debug_frame   0x000007ec       0x28 d:/courses and tutorials/imt es diploma/00-tools/03-imt sdk/03- imt sdk/imt_sdk_win_64/winarm/armgcc/bin/../lib/gcc/arm-none-eabi/7.2.1/../../../../arm-none-eabi/lib/thumb/v7e-m\libg_nano.a(lib_a-memcpy-stub.o)
 .debug_frame   0x00000814       0x28 d:/courses and tutorials/imt es diploma/00-tools/03-imt sdk/03- imt sdk/imt_sdk_win_64/winarm/armgcc/bin/../lib/gcc/arm-none-eabi/7.2.1/../../../../arm-none-eabi/lib/thumb/v7e-m\libg_nano.a(lib_a-memmove.o)
 .debug_frame   0x0000083c       0x38 d:/courses and tutorials/imt es diploma/00-tools/03-imt sdk/03- imt sdk/imt_sdk_win_64/winarm/armgcc/bin/../lib/gcc/arm-none-eabi/7.2.1/../../../../arm-none-eabi/lib/thumb/v7e-m\libg_nano.a(lib_a-nano-freer.o)
 .debug_frame   0x00000874       0x2c d:/courses and tutorials/imt es diploma/00-tools/03-imt sdk/03- imt sdk/imt_sdk_win_64/winarm/armgcc/bin/../lib/gcc/arm-none-eabi/7.2.1/../../../../arm-none-eabi/lib/thumb/v7e-m\libg_nano.a(lib_a-nano-mallocr.o)
 .debug_frame   0x000008a0       0x3c d:/courses and tutorials/imt es diploma/00-tools/03-imt sdk/03- imt sdk/imt_sdk_win_64/winarm/armgcc/bin/../lib/gcc/arm-none-eabi/7.2.1/../../../../arm-none-eabi/lib/thumb/v7e-m\libg_nano.a(lib_a-nano-reallocr.o)
 .debug_frame   0x000008dc       0x2c d:/courses and tutorials/imt es diploma/00-tools/03-imt sdk/03- imt sdk/imt_sdk_win_64/winarm/armgcc/bin/../lib/gcc/arm-none-eabi/7.2.1/../../../../arm-none-eabi/lib/thumb/v7e-m\libg_nano.a(lib_a-sbrkr.o)
 .debug_frame   0x00000908       0x30 d:/courses and tutorials/imt es diploma/00-tools/03-imt sdk/03- imt sdk/imt_sdk_win_64/winarm/armgcc/bin/../lib/gcc/arm-none-eabi/7.2.1/../../../../arm-none-eabi/lib/thumb/v7e-m\libg_nano.a(lib_a-mlock.o)
 .debug_frame   0x00000938       0x20 d:/courses and tutorials/imt es diploma/00-tools/03-imt sdk/03- imt sdk/imt_sdk_win_64/winarm/armgcc/bin/../lib/gcc/arm-none-eabi/7.2.1/../../../../arm-none-eabi/lib/thumb/v7e-m\libg_nano.a(lib_a-nano-msizer.o)

.debug_str      0x00000000    0x73708
 *(.debug_str)
 .debug_str     0x00000000     0x7d15 ./system/src/newlib/_exit.o
                               0x7ee8 (size before relaxing)
 .debug_str     0x00007d15      0x4f5 ./system/src/newlib/_sbrk.o
                               0x729a (size before relaxing)
 .debug_str     0x0000820a      0xc23 ./system/src/newlib/_startup.o
                               0x6a3b (size before relaxing)
 .debug_str     0x00008e2d      0xe8b ./system/src/newlib/_syscalls.o
                               0x8175 (size before relaxing)
 .debug_str     0x00009cb8      0x826 ./system/src/diag/Trace.o
                               0x8660 (size before relaxing)
 .debug_str     0x0000a4de    0x67a2e ./system/src/diag/trace_impl.o
                              0x70986 (size before relaxing)
 .debug_str     0x00071f0c       0xc4 ./system/src/cortexm/_initialize_hardware.o
                              0x6f718 (size before relaxing)
 .debug_str     0x00071fd0      0x1a6 ./system/src/cortexm/exception_handlers.o
                              0x70b10 (size before relaxing)
 .debug_str     0x00072176      0x164 ./system/src/cmsis/system_stm32f4xx.o
                              0x6f7f9 (size before relaxing)
 .debug_str     0x000722da       0x59 ./system/src/cmsis/vectors_stm32f401xc.o
                               0x3878 (size before relaxing)
 .debug_str     0x00072333      0x5ac ./src/06-APP/main.o
                               0x3345 (size before relaxing)
 .debug_str     0x000728df      0x1a9 ./src/03-HAL/TFT/TFT_program.o
                               0x30d8 (size before relaxing)
 .debug_str     0x00072a88      0x172 ./src/02-MCAL/07-UART/UART_program.o
                               0x30ce (size before relaxing)
 .debug_str     0x00072bfa      0x136 ./src/02-MCAL/06-SPI/SPI_program.o
                               0x32fe (size before relaxing)
 .debug_str     0x00072d30      0x14f ./src/02-MCAL/03-SYSTICK/SYSTICK_program.o
                               0x3025 (size before relaxing)
 .debug_str     0x00072e7f      0x37f ./src/02-MCAL/02-GPIO/GPIO_program.o
                               0x32f4 (size before relaxing)
 .debug_str     0x000731fe      0x50a ./src/02-MCAL/01-RCC/RCC_program.o
                               0x359d (size before relaxing)

.debug_loc      0x00000000      0xc59
 *(.debug_loc)
 .debug_loc     0x00000000       0x85 ./system/src/newlib/_sbrk.o
 .debug_loc     0x00000085      0x2cb ./system/src/newlib/_startup.o
 .debug_loc     0x00000350       0x63 ./system/src/newlib/_syscalls.o
 .debug_loc     0x000003b3       0xf6 ./system/src/diag/Trace.o
 .debug_loc     0x000004a9      0x121 ./system/src/diag/trace_impl.o
 .debug_loc     0x000005ca      0x291 ./system/src/cortexm/exception_handlers.o
 .debug_loc     0x0000085b      0x13e ./system/src/cmsis/system_stm32f4xx.o
 .debug_loc     0x00000999       0x42 ./src/03-HAL/TFT/TFT_program.o
 .debug_loc     0x000009db       0x96 ./src/02-MCAL/07-UART/UART_program.o
 .debug_loc     0x00000a71       0x21 ./src/02-MCAL/03-SYSTICK/SYSTICK_program.o
 .debug_loc     0x00000a92      0x1c7 ./src/02-MCAL/02-GPIO/GPIO_program.o

.debug_macinfo
 *(.debug_macinfo)

.debug_weaknames
 *(.debug_weaknames)

.debug_funcnames
 *(.debug_funcnames)

.debug_typenames
 *(.debug_typenames)

.debug_varnames
 *(.debug_varnames)
OUTPUT(Hello_SPI.elf elf32-littlearm)

.debug_ranges   0x00000000      0x330
 .debug_ranges  0x00000000       0x18 ./system/src/newlib/_exit.o
 .debug_ranges  0x00000018       0x10 ./system/src/newlib/_sbrk.o
 .debug_ranges  0x00000028       0x90 ./system/src/newlib/_startup.o
 .debug_ranges  0x000000b8       0x20 ./system/src/newlib/_syscalls.o
 .debug_ranges  0x000000d8       0x28 ./system/src/diag/Trace.o
 .debug_ranges  0x00000100       0x50 ./system/src/diag/trace_impl.o
 .debug_ranges  0x00000150       0x18 ./system/src/cortexm/_initialize_hardware.o
 .debug_ranges  0x00000168       0x80 ./system/src/cortexm/exception_handlers.o
 .debug_ranges  0x000001e8       0x18 ./system/src/cmsis/system_stm32f4xx.o
 .debug_ranges  0x00000200       0x10 ./system/src/cmsis/vectors_stm32f401xc.o
 .debug_ranges  0x00000210       0x10 ./src/06-APP/main.o
 .debug_ranges  0x00000220       0x20 ./src/03-HAL/TFT/TFT_program.o
 .debug_ranges  0x00000240       0x28 ./src/02-MCAL/07-UART/UART_program.o
 .debug_ranges  0x00000268       0x20 ./src/02-MCAL/06-SPI/SPI_program.o
 .debug_ranges  0x00000288       0x48 ./src/02-MCAL/03-SYSTICK/SYSTICK_program.o
 .debug_ranges  0x000002d0       0x40 ./src/02-MCAL/02-GPIO/GPIO_program.o
 .debug_ranges  0x00000310       0x20 ./src/02-MCAL/01-RCC/RCC_program.o

.debug_macro    0x00000000     0x37a1
 .debug_macro   0x00000000      0x1b4 ./system/src/newlib/_exit.o
 .debug_macro   0x000001b4      0x10e ./system/src/newlib/_exit.o
 .debug_macro   0x000002c2       0x8d ./system/src/newlib/_exit.o
 .debug_macro   0x0000034f       0x35 ./system/src/newlib/_exit.o
 .debug_macro   0x00000384      0x169 ./system/src/newlib/_sbrk.o
 .debug_macro   0x000004ed      0x174 ./system/src/newlib/_sbrk.o
 .debug_macro   0x00000661       0x10 ./system/src/newlib/_sbrk.o
 .debug_macro   0x00000671      0x23b ./system/src/newlib/_sbrk.o
 .debug_macro   0x000008ac      0x173 ./system/src/newlib/_startup.o
 .debug_macro   0x00000a1f      0xa72 ./system/src/newlib/_startup.o
 .debug_macro   0x00001491      0x217 ./system/src/newlib/_syscalls.o
 .debug_macro   0x000016a8       0x1c ./system/src/newlib/_syscalls.o
 .debug_macro   0x000016c4       0x10 ./system/src/newlib/_syscalls.o
 .debug_macro   0x000016d4       0x10 ./system/src/newlib/_syscalls.o
 .debug_macro   0x000016e4       0x10 ./system/src/newlib/_syscalls.o
 .debug_macro   0x000016f4       0x35 ./system/src/newlib/_syscalls.o
 .debug_macro   0x00001729      0x122 ./system/src/newlib/_syscalls.o
 .debug_macro   0x0000184b       0x88 ./system/src/newlib/_syscalls.o
 .debug_macro   0x000018d3       0x2b ./system/src/newlib/_syscalls.o
 .debug_macro   0x000018fe      0x118 ./system/src/newlib/_syscalls.o
 .debug_macro   0x00001a16      0x189 ./system/src/newlib/_syscalls.o
 .debug_macro   0x00001b9f       0x16 ./system/src/newlib/_syscalls.o
 .debug_macro   0x00001bb5      0x1fb ./system/src/diag/Trace.o
 .debug_macro   0x00001db0       0x4c ./system/src/diag/Trace.o
 .debug_macro   0x00001dfc       0x16 ./system/src/diag/Trace.o
 .debug_macro   0x00001e12      0x52a ./system/src/diag/trace_impl.o
 .debug_macro   0x0000233c       0x22 ./system/src/diag/trace_impl.o
 .debug_macro   0x0000235e      0x4ee ./system/src/cortexm/_initialize_hardware.o
 .debug_macro   0x0000284c      0x557 ./system/src/cortexm/exception_handlers.o
 .debug_macro   0x00002da3       0x3b ./system/src/cortexm/exception_handlers.o
 .debug_macro   0x00002dde      0x4ea ./system/src/cmsis/system_stm32f4xx.o
 .debug_macro   0x000032c8       0x34 ./system/src/cmsis/vectors_stm32f401xc.o
 .debug_macro   0x000032fc       0xb3 ./src/06-APP/main.o
 .debug_macro   0x000033af       0x22 ./src/06-APP/main.o
 .debug_macro   0x000033d1       0x10 ./src/06-APP/main.o
 .debug_macro   0x000033e1       0x10 ./src/06-APP/main.o
 .debug_macro   0x000033f1       0x2e ./src/06-APP/main.o
 .debug_macro   0x0000341f       0x79 ./src/03-HAL/TFT/TFT_program.o
 .debug_macro   0x00003498       0x22 ./src/03-HAL/TFT/TFT_program.o
 .debug_macro   0x000034ba       0x82 ./src/02-MCAL/07-UART/UART_program.o
 .debug_macro   0x0000353c       0x10 ./src/02-MCAL/07-UART/UART_program.o
 .debug_macro   0x0000354c       0x10 ./src/02-MCAL/07-UART/UART_program.o
 .debug_macro   0x0000355c       0x82 ./src/02-MCAL/06-SPI/SPI_program.o
 .debug_macro   0x000035de       0x16 ./src/02-MCAL/06-SPI/SPI_program.o
 .debug_macro   0x000035f4       0x1c ./src/02-MCAL/06-SPI/SPI_program.o
 .debug_macro   0x00003610       0x40 ./src/02-MCAL/03-SYSTICK/SYSTICK_program.o
 .debug_macro   0x00003650       0x49 ./src/02-MCAL/02-GPIO/GPIO_program.o
 .debug_macro   0x00003699       0x10 ./src/02-MCAL/02-GPIO/GPIO_program.o
 .debug_macro   0x000036a9       0x10 ./src/02-MCAL/02-GPIO/GPIO_program.o
 .debug_macro   0x000036b9       0x4a ./src/02-MCAL/01-RCC/RCC_program.o
 .debug_macro   0x00003703       0x8e ./src/02-MCAL/01-RCC/RCC_program.o
 .debug_macro   0x00003791       0x10 ./src/02-MCAL/01-RCC/RCC_program.o
