Archive member included because of file (symbol)

e:/imt/00-tools/03-imt sdk/03- imt sdk/imt_sdk_win_64/winavr/bin/../lib/gcc/avr/4.3.3/avr5\libgcc.a(_exit.o)
                              e:/imt/00-tools/03-imt sdk/03- imt sdk/imt_sdk_win_64/winavr/bin/../lib/gcc/avr/4.3.3/../../../../avr/lib/avr5/crtm32.o (exit)

Memory Configuration

Name             Origin             Length             Attributes
text             0x00000000         0x00020000         xr
data             0x00800060         0x0000ffa0         rw !x
eeprom           0x00810000         0x00010000         rw !x
fuse             0x00820000         0x00000400         rw !x
lock             0x00830000         0x00000400         rw !x
signature        0x00840000         0x00000400         rw !x
*default*        0x00000000         0xffffffff

Linker script and memory map

LOAD e:/imt/00-tools/03-imt sdk/03- imt sdk/imt_sdk_win_64/winavr/bin/../lib/gcc/avr/4.3.3/../../../../avr/lib/avr5/crtm32.o
LOAD ./DIO_DRIVER/DIO_prg.o
LOAD ./GIE_prg.o
LOAD ./Timer_prg.o
LOAD ./main.o
LOAD e:/imt/00-tools/03-imt sdk/03- imt sdk/imt_sdk_win_64/winavr/bin/../lib/gcc/avr/4.3.3/avr5\libgcc.a
LOAD e:/imt/00-tools/03-imt sdk/03- imt sdk/imt_sdk_win_64/winavr/bin/../lib/gcc/avr/4.3.3/../../../../avr/lib/avr5\libc.a
LOAD e:/imt/00-tools/03-imt sdk/03- imt sdk/imt_sdk_win_64/winavr/bin/../lib/gcc/avr/4.3.3/avr5\libgcc.a

.hash
 *(.hash)

.dynsym
 *(.dynsym)

.dynstr
 *(.dynstr)

.gnu.version
 *(.gnu.version)

.gnu.version_d
 *(.gnu.version_d)

.gnu.version_r
 *(.gnu.version_r)

.rel.init
 *(.rel.init)

.rela.init
 *(.rela.init)

.rel.text
 *(.rel.text)
 *(.rel.text.*)
 *(.rel.gnu.linkonce.t*)

.rela.text
 *(.rela.text)
 *(.rela.text.*)
 *(.rela.gnu.linkonce.t*)

.rel.fini
 *(.rel.fini)

.rela.fini
 *(.rela.fini)

.rel.rodata
 *(.rel.rodata)
 *(.rel.rodata.*)
 *(.rel.gnu.linkonce.r*)

.rela.rodata
 *(.rela.rodata)
 *(.rela.rodata.*)
 *(.rela.gnu.linkonce.r*)

.rel.data
 *(.rel.data)
 *(.rel.data.*)
 *(.rel.gnu.linkonce.d*)

.rela.data
 *(.rela.data)
 *(.rela.data.*)
 *(.rela.gnu.linkonce.d*)

.rel.ctors
 *(.rel.ctors)

.rela.ctors
 *(.rela.ctors)

.rel.dtors
 *(.rel.dtors)

.rela.dtors
 *(.rela.dtors)

.rel.got
 *(.rel.got)

.rela.got
 *(.rela.got)

.rel.bss
 *(.rel.bss)

.rela.bss
 *(.rela.bss)

.rel.plt
 *(.rel.plt)

.rela.plt
 *(.rela.plt)

.text           0x00000000     0x1126
 *(.vectors)
 .vectors       0x00000000       0x54 e:/imt/00-tools/03-imt sdk/03- imt sdk/imt_sdk_win_64/winavr/bin/../lib/gcc/avr/4.3.3/../../../../avr/lib/avr5/crtm32.o
                0x00000000                __vectors
                0x00000000                __vector_default
 *(.vectors)
 *(.progmem.gcc*)
 *(.progmem*)
                0x00000054                . = ALIGN (0x2)
                0x00000054                __trampolines_start = .
 *(.trampolines)
 .trampolines   0x00000054        0x0 linker stubs
 *(.trampolines*)
                0x00000054                __trampolines_end = .
 *(.jumptables)
 *(.jumptables*)
 *(.lowtext)
 *(.lowtext*)
                0x00000054                __ctors_start = .
 *(.ctors)
                0x00000054                __ctors_end = .
                0x00000054                __dtors_start = .
 *(.dtors)
                0x00000054                __dtors_end = .
 SORT(*)(.ctors)
 SORT(*)(.dtors)
 *(.init0)
 .init0         0x00000054        0x0 e:/imt/00-tools/03-imt sdk/03- imt sdk/imt_sdk_win_64/winavr/bin/../lib/gcc/avr/4.3.3/../../../../avr/lib/avr5/crtm32.o
                0x00000054                __init
 *(.init0)
 *(.init1)
 *(.init1)
 *(.init2)
 .init2         0x00000054        0xc e:/imt/00-tools/03-imt sdk/03- imt sdk/imt_sdk_win_64/winavr/bin/../lib/gcc/avr/4.3.3/../../../../avr/lib/avr5/crtm32.o
 *(.init2)
 *(.init3)
 *(.init3)
 *(.init4)
 *(.init4)
 *(.init5)
 *(.init5)
 *(.init6)
 *(.init6)
 *(.init7)
 *(.init7)
 *(.init8)
 *(.init8)
 *(.init9)
 .init9         0x00000060        0x8 e:/imt/00-tools/03-imt sdk/03- imt sdk/imt_sdk_win_64/winavr/bin/../lib/gcc/avr/4.3.3/../../../../avr/lib/avr5/crtm32.o
 *(.init9)
 *(.text)
 .text          0x00000068        0x4 e:/imt/00-tools/03-imt sdk/03- imt sdk/imt_sdk_win_64/winavr/bin/../lib/gcc/avr/4.3.3/../../../../avr/lib/avr5/crtm32.o
                0x00000068                __vector_1
                0x00000068                __vector_12
                0x00000068                __bad_interrupt
                0x00000068                __vector_6
                0x00000068                __vector_3
                0x00000068                __vector_11
                0x00000068                __vector_13
                0x00000068                __vector_17
                0x00000068                __vector_19
                0x00000068                __vector_7
                0x00000068                __vector_5
                0x00000068                __vector_4
                0x00000068                __vector_9
                0x00000068                __vector_2
                0x00000068                __vector_15
                0x00000068                __vector_8
                0x00000068                __vector_14
                0x00000068                __vector_10
                0x00000068                __vector_16
                0x00000068                __vector_18
                0x00000068                __vector_20
 .text          0x0000006c        0x0 ./DIO_DRIVER/DIO_prg.o
 .text          0x0000006c        0x0 ./GIE_prg.o
 .text          0x0000006c        0x0 ./Timer_prg.o
 .text          0x0000006c        0x0 ./main.o
 .text          0x0000006c        0x0 e:/imt/00-tools/03-imt sdk/03- imt sdk/imt_sdk_win_64/winavr/bin/../lib/gcc/avr/4.3.3/avr5\libgcc.a(_exit.o)
                0x0000006c                . = ALIGN (0x2)
 *(.text.*)
 .text.DIO_U8_SetPortDir
                0x0000006c       0x90 ./DIO_DRIVER/DIO_prg.o
                0x0000006c                DIO_U8_SetPortDir
 .text.DIO_U8_SetPortVal
                0x000000fc       0x90 ./DIO_DRIVER/DIO_prg.o
                0x000000fc                DIO_U8_SetPortVal
 .text.DIO_U8_GetPortVal
                0x0000018c       0xa4 ./DIO_DRIVER/DIO_prg.o
                0x0000018c                DIO_U8_GetPortVal
 .text.DIO_U8_SetPinDir
                0x00000230      0x224 ./DIO_DRIVER/DIO_prg.o
                0x00000230                DIO_U8_SetPinDir
 .text.DIO_U8_SetPinVal
                0x00000454      0x224 ./DIO_DRIVER/DIO_prg.o
                0x00000454                DIO_U8_SetPinVal
 .text.DIO_U8_GetPinVal
                0x00000678      0x126 ./DIO_DRIVER/DIO_prg.o
                0x00000678                DIO_U8_GetPinVal
 .text.DIO_U8_ToggleBit
                0x0000079e      0x116 ./DIO_DRIVER/DIO_prg.o
                0x0000079e                DIO_U8_ToggleBit
 .text.GIE_voidEnable
                0x000008b4       0x1c ./GIE_prg.o
                0x000008b4                GIE_voidEnable
 .text.GIE_voidDisable
                0x000008d0       0x1c ./GIE_prg.o
                0x000008d0                GIE_voidDisable
 .text.TIMER_vidInit
                0x000008ec       0x96 ./Timer_prg.o
                0x000008ec                TIMER_vidInit
 .text.TIMER_voidReset
                0x00000982       0x3e ./Timer_prg.o
                0x00000982                TIMER_voidReset
 .text.TIMER_u16GetValue
                0x000009c0       0x60 ./Timer_prg.o
                0x000009c0                TIMER_u16GetValue
 .text.TIMER_vidClkSlct
                0x00000a20       0x88 ./Timer_prg.o
                0x00000a20                TIMER_vidClkSlct
 .text.TIMER_vidCOM
                0x00000aa8      0x41e ./Timer_prg.o
                0x00000aa8                TIMER_vidCOM
 .text.TIMER_vidSetPreload
                0x00000ec6       0x50 ./Timer_prg.o
                0x00000ec6                TIMER_vidSetPreload
 .text.TIMER_vidSetOCR
                0x00000f16       0x62 ./Timer_prg.o
                0x00000f16                TIMER_vidSetOCR
 .text.TIMER1_vidSetICR
                0x00000f78       0x24 ./Timer_prg.o
                0x00000f78                TIMER1_vidSetICR
 .text.TIMER_vidTovfIrqEnable
                0x00000f9c       0x54 ./Timer_prg.o
                0x00000f9c                TIMER_vidTovfIrqEnable
 .text.TIMER_vidTovfIrqDisable
                0x00000ff0       0x54 ./Timer_prg.o
                0x00000ff0                TIMER_vidTovfIrqDisable
 .text.TIMER_vidCtcIrqEnable
                0x00001044       0x6a ./Timer_prg.o
                0x00001044                TIMER_vidCtcIrqEnable
 .text.TIMER_vidCtcIrqDisable
                0x000010ae       0x6a ./Timer_prg.o
                0x000010ae                TIMER_vidCtcIrqDisable
 .text.main     0x00001118        0xa ./main.o
                0x00001118                main
 .text.libgcc   0x00001122        0x0 e:/imt/00-tools/03-imt sdk/03- imt sdk/imt_sdk_win_64/winavr/bin/../lib/gcc/avr/4.3.3/avr5\libgcc.a(_exit.o)
                0x00001122                . = ALIGN (0x2)
 *(.fini9)
 .fini9         0x00001122        0x0 e:/imt/00-tools/03-imt sdk/03- imt sdk/imt_sdk_win_64/winavr/bin/../lib/gcc/avr/4.3.3/avr5\libgcc.a(_exit.o)
                0x00001122                exit
                0x00001122                _exit
 *(.fini9)
 *(.fini8)
 *(.fini8)
 *(.fini7)
 *(.fini7)
 *(.fini6)
 *(.fini6)
 *(.fini5)
 *(.fini5)
 *(.fini4)
 *(.fini4)
 *(.fini3)
 *(.fini3)
 *(.fini2)
 *(.fini2)
 *(.fini1)
 *(.fini1)
 *(.fini0)
 .fini0         0x00001122        0x4 e:/imt/00-tools/03-imt sdk/03- imt sdk/imt_sdk_win_64/winavr/bin/../lib/gcc/avr/4.3.3/avr5\libgcc.a(_exit.o)
 *(.fini0)
                0x00001126                _etext = .

.data           0x00800060        0x0 load address 0x00001126
                0x00800060                PROVIDE (__data_start, .)
 *(.data)
 .data          0x00800060        0x0 e:/imt/00-tools/03-imt sdk/03- imt sdk/imt_sdk_win_64/winavr/bin/../lib/gcc/avr/4.3.3/../../../../avr/lib/avr5/crtm32.o
 .data          0x00800060        0x0 ./DIO_DRIVER/DIO_prg.o
 .data          0x00800060        0x0 ./GIE_prg.o
 .data          0x00800060        0x0 ./Timer_prg.o
 .data          0x00800060        0x0 ./main.o
 .data          0x00800060        0x0 e:/imt/00-tools/03-imt sdk/03- imt sdk/imt_sdk_win_64/winavr/bin/../lib/gcc/avr/4.3.3/avr5\libgcc.a(_exit.o)
 *(.data*)
 *(.rodata)
 *(.rodata*)
 *(.gnu.linkonce.d*)
                0x00800060                . = ALIGN (0x2)
                0x00800060                _edata = .
                0x00800060                PROVIDE (__data_end, .)

.bss            0x00800060        0x0
                0x00800060                PROVIDE (__bss_start, .)
 *(.bss)
 .bss           0x00800060        0x0 e:/imt/00-tools/03-imt sdk/03- imt sdk/imt_sdk_win_64/winavr/bin/../lib/gcc/avr/4.3.3/../../../../avr/lib/avr5/crtm32.o
 .bss           0x00800060        0x0 ./DIO_DRIVER/DIO_prg.o
 .bss           0x00800060        0x0 ./GIE_prg.o
 .bss           0x00800060        0x0 ./Timer_prg.o
 .bss           0x00800060        0x0 ./main.o
 .bss           0x00800060        0x0 e:/imt/00-tools/03-imt sdk/03- imt sdk/imt_sdk_win_64/winavr/bin/../lib/gcc/avr/4.3.3/avr5\libgcc.a(_exit.o)
 *(.bss*)
 *(COMMON)
                0x00800060                PROVIDE (__bss_end, .)
                0x00001126                __data_load_start = LOADADDR (.data)
                0x00001126                __data_load_end = (__data_load_start + SIZEOF (.data))

.noinit         0x00800060        0x0
                0x00800060                PROVIDE (__noinit_start, .)
 *(.noinit*)
                0x00800060                PROVIDE (__noinit_end, .)
                0x00800060                _end = .
                0x00800060                PROVIDE (__heap_start, .)

.eeprom         0x00810000        0x0
 *(.eeprom*)
                0x00810000                __eeprom_end = .

.fuse
 *(.fuse)
 *(.lfuse)
 *(.hfuse)
 *(.efuse)

.lock
 *(.lock*)

.signature
 *(.signature*)

.stab           0x00000000     0x1644
 *(.stab)
 .stab          0x00000000      0x7f8 ./DIO_DRIVER/DIO_prg.o
 .stab          0x000007f8      0x1b0 ./GIE_prg.o
                                0x1bc (size before relaxing)
 .stab          0x000009a8      0x9f0 ./Timer_prg.o
                                0xa68 (size before relaxing)
 .stab          0x00001398      0x2ac ./main.o
                                0x324 (size before relaxing)

.stabstr        0x00000000      0xaa8
 *(.stabstr)
 .stabstr       0x00000000      0xaa8 ./DIO_DRIVER/DIO_prg.o

.stab.excl
 *(.stab.excl)

.stab.exclstr
 *(.stab.exclstr)

.stab.index
 *(.stab.index)

.stab.indexstr
 *(.stab.indexstr)

.comment
 *(.comment)

.debug
 *(.debug)

.line
 *(.line)

.debug_srcinfo
 *(.debug_srcinfo)

.debug_sfnames
 *(.debug_sfnames)

.debug_aranges
 *(.debug_aranges)

.debug_pubnames
 *(.debug_pubnames)

.debug_info
 *(.debug_info)
 *(.gnu.linkonce.wi.*)

.debug_abbrev
 *(.debug_abbrev)

.debug_line
 *(.debug_line)

.debug_frame
 *(.debug_frame)

.debug_str
 *(.debug_str)

.debug_loc
 *(.debug_loc)

.debug_macinfo
 *(.debug_macinfo)
OUTPUT(Timer.elf elf32-avr)
LOAD linker stubs
